// Jest Snapshot v1, https://goo.gl/fbAQLP

exports[`renders the TutorialCarousel component 1`] = `
<div
  className="tutorialCarousel"
>
  <Slider
    afterChange={[Function]}
    arrows={false}
    beforeChange={[Function]}
    className="carouselContainer"
    dots={false}
    infinite={false}
    initialSlide={0}
    onInit={[Function]}
    slidesToScroll={1}
    slidesToShow={1}
    speed={500}
  >
    <TutorialSlide
      imageSrc="imageSrc"
      key="ts0"
      text="text"
      title=""
    />
    <TutorialSlide
      imageSrc="imageSrc"
      key="ts1"
      text="text"
      title=""
    />
    <TutorialSlide
      imageSrc="imageSrc"
      key="ts2"
      text="text"
      title=""
    />
    <TutorialSlide
      imageSrc="imageSrc"
      key="ts3"
      text="text"
      title=""
    />
    <TutorialSlide
      imageSrc="imageSrc"
      key="ts4"
      text="text"
      title=""
    />
    <TutorialSlide
      imageSrc="imageSrc"
      key="ts5"
      text="text"
      title=""
    />
  </Slider>
  <div
    className="navButtons"
  >
    <button
      className="backBtn"
      disabled={true}
      onClick={[Function]}
      type="button"
    >
      <span
        className="icon"
      />
      <Translate
        tag="span"
        value="generic.tutorial.backBtn"
      />
    </button>
    <span
      className="progress"
    >
      1
      <Translate
        tag="span"
        value="generic.tutorial.progressSeparator"
      />
      0
    </span>
    <button
      className="nextBtn"
      disabled={false}
      onClick={[Function]}
      type="button"
    >
      <Translate
        tag="span"
        value="generic.tutorial.nextBtn"
      />
      <span
        className="icon"
      />
    </button>
  </div>
</div>
`;
