// Jest Snapshot v1, https://goo.gl/fbAQLP

exports[`renders the Points component with a formatted total score 1`] = `
<div
  className="points"
>
  <Translate
    tag="span"
    value="generic.miniDashboard.points"
  />
  <div
    className="totalContainer"
  >
    <NumberFormat
      allowEmptyFormatting={false}
      allowNegative={true}
      decimalSeparator="."
      displayType="text"
      fixedDecimalScale={false}
      getInputRef={[Function]}
      isAllowed={[Function]}
      isNumericString={false}
      onBlur={[Function]}
      onChange={[Function]}
      onFocus={[Function]}
      onKeyDown={[Function]}
      onMouseUp={[Function]}
      onValueChange={[Function]}
      prefix=""
      suffix=""
      thousandSeparator=","
      thousandsGroupStyle="thousand"
      type="text"
      value={10000}
    />
  </div>
</div>
`;

exports[`renders the Points component with the countup component 1`] = `
<div
  className="points"
>
  <Translate
    tag="span"
    value="generic.miniDashboard.points"
  />
  <div
    className="totalContainer"
  >
    <CountUp$$1
      decimal="."
      decimals={0}
      delay={1}
      duration={4}
      easingFn={null}
      end={10000}
      formattingFn={null}
      onEnd={[Function]}
      onPauseResume={[Function]}
      onReset={[Function]}
      onStart={[Function]}
      onUpdate={[Function]}
      prefix=""
      preserveValue={false}
      redraw={false}
      separator=","
      start={0}
      suffix=""
      useEasing={true}
    />
  </div>
</div>
`;
