// Jest Snapshot v1, https://goo.gl/fbAQLP

exports[`renders the CategoryResource component 1`] = `
<div
  className="categoryResource"
>
  <Translate
    className="categoryTitle"
    tag="span"
    value="clientprops.clients.client1.resources.res2.title"
  />
  <Translate
    className="subtitle"
    tag="span"
    value="clientprops.clients.client1.resources.res2.subtitle"
  />
  <div
    className="productsWrapper"
    key="category0"
  >
    <div
      className="product"
    >
      <span
        className="icon"
      />
      <Translate
        className="productText"
        dangerousHTML={true}
        tag="span"
        value="clientprops.clients.client1.resources.res2.products.0.categoryText"
      />
    </div>
  </div>
  <div
    className="productsWrapper"
    key="category1"
  >
    <div
      className="product"
    >
      <span
        className="icon"
      />
      <Translate
        className="productText"
        dangerousHTML={true}
        tag="span"
        value="clientprops.clients.client1.resources.res2.products.1.categoryText"
      />
    </div>
  </div>
  <div
    className="productsWrapper"
    key="category2"
  >
    <div
      className="product"
    >
      <span
        className="icon"
      />
      <Translate
        className="productText"
        dangerousHTML={true}
        tag="span"
        value="clientprops.clients.client1.resources.res2.products.2.categoryText"
      />
    </div>
  </div>
  <div
    className="productsWrapper"
    key="category3"
  >
    <div
      className="product"
    >
      <span
        className="icon"
      />
      <Translate
        className="productText"
        dangerousHTML={true}
        tag="span"
        value="clientprops.clients.client1.resources.res2.products.3.categoryText"
      />
    </div>
  </div>
  <div
    className="productsWrapper"
    key="category4"
  >
    <div
      className="product"
    >
      <span
        className="icon"
      />
      <Translate
        className="productText"
        dangerousHTML={true}
        tag="span"
        value="clientprops.clients.client1.resources.res2.products.4.categoryText"
      />
    </div>
  </div>
  <div
    className="productsWrapper"
    key="category5"
  >
    <div
      className="product"
    >
      <span
        className="icon"
      />
      <Translate
        className="productText"
        dangerousHTML={true}
        tag="span"
        value="clientprops.clients.client1.resources.res2.products.5.categoryText"
      />
    </div>
  </div>
  <div
    className="productsWrapper"
    key="category6"
  >
    <div
      className="product"
    >
      <span
        className="icon"
      />
      <Translate
        className="productText"
        dangerousHTML={true}
        tag="span"
        value="clientprops.clients.client1.resources.res2.products.6.categoryText"
      />
    </div>
  </div>
  <div
    className="productsWrapper"
    key="category7"
  >
    <div
      className="product"
    >
      <span
        className="icon"
      />
      <Translate
        className="productText"
        dangerousHTML={true}
        tag="span"
        value="clientprops.clients.client1.resources.res2.products.7.categoryText"
      />
    </div>
  </div>
</div>
`;
