// Jest Snapshot v1, https://goo.gl/fbAQLP

exports[`renders the ReportResource component 1`] = `
<div
  className="reportResource"
>
  <Translate
    className="reportResourceTitle"
    tag="span"
    value="clientprops.clients.client1.resources.res1.title"
  />
  <Translate
    className="reportResourceSubtitle"
    tag="span"
    value="clientprops.clients.client1.resources.res1.subtitle"
  />
  <div
    className="graphsWrapper"
  >
    <div
      className="graphWrapper"
      key="graph0"
    >
      <ResourceInlineSVG
        client="client1"
        imageName="imageName"
        type="graphIcon"
      />
      <div
        className="graphText"
      >
        <Translate
          tag="span"
          value="clientprops.clients.client1.resources.res1.graphs.0.text"
        />
      </div>
    </div>
    <div
      className="graphWrapper"
      key="graph1"
    >
      <ResourceInlineSVG
        client="client1"
        imageName="imageName"
        type="graphIcon"
      />
      <div
        className="graphText"
      >
        <Translate
          tag="span"
          value="clientprops.clients.client1.resources.res1.graphs.1.text"
        />
      </div>
    </div>
    <div
      className="graphWrapper"
      key="graph2"
    >
      <ResourceInlineSVG
        client="client1"
        imageName="imageName"
        type="graphIcon"
      />
      <div
        className="graphText"
      >
        <Translate
          tag="span"
          value="clientprops.clients.client1.resources.res1.graphs.2.text"
        />
      </div>
    </div>
    <div
      className="graphWrapper"
      key="graph3"
    >
      <ResourceInlineSVG
        client="client1"
        imageName="imageName"
        type="graphIcon"
      />
      <div
        className="graphText"
      >
        <Translate
          tag="span"
          value="clientprops.clients.client1.resources.res1.graphs.3.text"
        />
      </div>
    </div>
    <div
      className="graphWrapper"
      key="graph4"
    >
      <ResourceInlineSVG
        client="client1"
        imageName="imageName"
        type="graphIcon"
      />
      <div
        className="graphText"
      >
        <Translate
          tag="span"
          value="clientprops.clients.client1.resources.res1.graphs.4.text"
        />
      </div>
    </div>
    <div
      className="graphWrapper"
      key="graph5"
    >
      <ResourceInlineSVG
        client="client1"
        imageName="imageName"
        type="graphIcon"
      />
      <div
        className="graphText"
      >
        <Translate
          tag="span"
          value="clientprops.clients.client1.resources.res1.graphs.5.text"
        />
      </div>
    </div>
  </div>
</div>
`;
