// Jest Snapshot v1, https://goo.gl/fbAQLP

exports[`renders the IntroSequence component 1`] = `
<div
  className="introSequence"
>
  <div
    className="routeButtons"
  >
    <button
      className="clientPropsBtn"
      disabled={false}
      onClick={[Function]}
      type="button"
    >
      <span
        className="icon"
      />
      <Translate
        tag="span"
        value="clientprops.clientPropsBtn"
      />
    </button>
    <button
      className="productNetworkBtn"
      disabled={false}
      onClick={[Function]}
      type="button"
    >
      <span
        className="icon"
      />
      <Translate
        tag="span"
        value="network.productNetworkBtn"
      />
    </button>
  </div>
  <span
    className="contentGraphic woman"
  />
  <div
    className="carouselContainer"
  >
    <Slider
      afterChange={[Function]}
      arrows={false}
      beforeChange={[Function]}
      className="introCarousel"
      dots={false}
      infinite={false}
      initialSlide={0}
      slidesToScroll={1}
      slidesToShow={1}
      speed={500}
    >
      <IntroSlide
        key="ci0"
        text="text"
        title="title"
      />
      <IntroSlide
        key="ci1"
        text="text"
        title="title"
      />
      <IntroSlide
        key="ci2"
        text="text"
        title="title"
      />
      <IntroSlide
        key="ci3"
        text="text"
        title="title"
      />
      <IntroSlide
        key="ci4"
        text="text"
        title="title"
      />
      <IntroSlide
        key="ci5"
        text="text"
        title="title"
      />
    </Slider>
    <div
      className="navButtons"
    >
      <button
        className="backBtn"
        disabled={true}
        onClick={[Function]}
        type="button"
      >
        <span
          className="icon"
        />
        <Translate
          tag="span"
          value="introseq.backBtn"
        />
      </button>
      <button
        className="nextBtn"
        disabled={false}
        onClick={[Function]}
        type="button"
      >
        <Translate
          tag="span"
          value="introseq.nextBtn"
        />
        <span
          className="icon"
        />
      </button>
    </div>
  </div>
</div>
`;
