// Jest Snapshot v1, https://goo.gl/fbAQLP

exports[`render RankView component 1`] = `
<div
  className="rankView"
>
  <Scrollbar
    contentProps={Object {}}
    fallbackScrollbarWidth={20}
    maximalThumbYSize={83}
    minimalThumbSize={30}
    minimalThumbYSize={83}
    momentum={true}
    noDefaultStyles={true}
    scrollDetectionThreshold={100}
    scrollTop={0}
    scrollerProps={Object {}}
    thumbXProps={Object {}}
    thumbYProps={Object {}}
    trackClickBehavior="jump"
    trackXProps={Object {}}
    trackYProps={Object {}}
    wrapperProps={Object {}}
  >
    <div
      className="contentWrapper"
    >
      <div
        className="rankRow "
        key="r1"
      >
        <div
          className="rankIdentifier"
        >
          <div
            className="rankRowIcon r1"
          />
          <div
            className="rankRowName"
          >
            <Translate
              tag="span"
              value="generic.dashboard.hidden"
            />
          </div>
        </div>
        <Connect(Tooltip)
          fieldName="generic.tooltips.dashboard.rank.points"
        >
          <div
            className="rankRowPoints"
          >
            <NumberFormat
              allowEmptyFormatting={false}
              allowNegative={true}
              decimalSeparator="."
              displayType="text"
              fixedDecimalScale={false}
              getInputRef={[Function]}
              isAllowed={[Function]}
              isNumericString={false}
              onBlur={[Function]}
              onChange={[Function]}
              onFocus={[Function]}
              onKeyDown={[Function]}
              onMouseUp={[Function]}
              onValueChange={[Function]}
              prefix=""
              suffix=""
              thousandSeparator=","
              thousandsGroupStyle="thousand"
              type="text"
              value={11000000}
            />
            <Translate
              tag="span"
              value="generic.dashboard.points"
            />
          </div>
        </Connect(Tooltip)>
      </div>
      <div
        className="rankRow "
        key="r2"
      >
        <div
          className="rankIdentifier"
        >
          <div
            className="rankRowIcon r2"
          />
          <div
            className="rankRowName"
          >
            <Translate
              tag="span"
              value="generic.dashboard.hidden"
            />
          </div>
        </div>
        <Connect(Tooltip)
          fieldName="generic.tooltips.dashboard.rank.points"
        >
          <div
            className="rankRowPoints"
          >
            <NumberFormat
              allowEmptyFormatting={false}
              allowNegative={true}
              decimalSeparator="."
              displayType="text"
              fixedDecimalScale={false}
              getInputRef={[Function]}
              isAllowed={[Function]}
              isNumericString={false}
              onBlur={[Function]}
              onChange={[Function]}
              onFocus={[Function]}
              onKeyDown={[Function]}
              onMouseUp={[Function]}
              onValueChange={[Function]}
              prefix=""
              suffix=""
              thousandSeparator=","
              thousandsGroupStyle="thousand"
              type="text"
              value={10500000}
            />
            <Translate
              tag="span"
              value="generic.dashboard.points"
            />
          </div>
        </Connect(Tooltip)>
      </div>
      <div
        className="rankRow "
        key="r3"
      >
        <div
          className="rankIdentifier"
        >
          <div
            className="rankRowIcon r3"
          />
          <div
            className="rankRowName"
          >
            <Translate
              tag="span"
              value="generic.dashboard.hidden"
            />
          </div>
        </div>
        <Connect(Tooltip)
          fieldName="generic.tooltips.dashboard.rank.points"
        >
          <div
            className="rankRowPoints"
          >
            <NumberFormat
              allowEmptyFormatting={false}
              allowNegative={true}
              decimalSeparator="."
              displayType="text"
              fixedDecimalScale={false}
              getInputRef={[Function]}
              isAllowed={[Function]}
              isNumericString={false}
              onBlur={[Function]}
              onChange={[Function]}
              onFocus={[Function]}
              onKeyDown={[Function]}
              onMouseUp={[Function]}
              onValueChange={[Function]}
              prefix=""
              suffix=""
              thousandSeparator=","
              thousandsGroupStyle="thousand"
              type="text"
              value={9750000}
            />
            <Translate
              tag="span"
              value="generic.dashboard.points"
            />
          </div>
        </Connect(Tooltip)>
      </div>
      <div
        className="rankRow "
        key="r4"
      >
        <div
          className="rankIdentifier"
        >
          <div
            className="rankRowIcon r4"
          />
          <div
            className="rankRowName"
          >
            <Translate
              tag="span"
              value="generic.dashboard.hidden"
            />
          </div>
        </div>
        <Connect(Tooltip)
          fieldName="generic.tooltips.dashboard.rank.points"
        >
          <div
            className="rankRowPoints"
          >
            <NumberFormat
              allowEmptyFormatting={false}
              allowNegative={true}
              decimalSeparator="."
              displayType="text"
              fixedDecimalScale={false}
              getInputRef={[Function]}
              isAllowed={[Function]}
              isNumericString={false}
              onBlur={[Function]}
              onChange={[Function]}
              onFocus={[Function]}
              onKeyDown={[Function]}
              onMouseUp={[Function]}
              onValueChange={[Function]}
              prefix=""
              suffix=""
              thousandSeparator=","
              thousandsGroupStyle="thousand"
              type="text"
              value={8500000}
            />
            <Translate
              tag="span"
              value="generic.dashboard.points"
            />
          </div>
        </Connect(Tooltip)>
      </div>
      <div
        className="rankRow "
        key="r5"
      >
        <div
          className="rankIdentifier"
        >
          <div
            className="rankRowIcon r5"
          />
          <div
            className="rankRowName"
          >
            <Translate
              tag="span"
              value="generic.dashboard.hidden"
            />
          </div>
        </div>
        <Connect(Tooltip)
          fieldName="generic.tooltips.dashboard.rank.points"
        >
          <div
            className="rankRowPoints"
          >
            <NumberFormat
              allowEmptyFormatting={false}
              allowNegative={true}
              decimalSeparator="."
              displayType="text"
              fixedDecimalScale={false}
              getInputRef={[Function]}
              isAllowed={[Function]}
              isNumericString={false}
              onBlur={[Function]}
              onChange={[Function]}
              onFocus={[Function]}
              onKeyDown={[Function]}
              onMouseUp={[Function]}
              onValueChange={[Function]}
              prefix=""
              suffix=""
              thousandSeparator=","
              thousandsGroupStyle="thousand"
              type="text"
              value={7500000}
            />
            <Translate
              tag="span"
              value="generic.dashboard.points"
            />
          </div>
        </Connect(Tooltip)>
      </div>
      <div
        className="rankRow "
        key="r6"
      >
        <div
          className="rankIdentifier"
        >
          <div
            className="rankRowIcon r6"
          />
          <div
            className="rankRowName"
          >
            <Translate
              tag="span"
              value="generic.dashboard.hidden"
            />
          </div>
        </div>
        <Connect(Tooltip)
          fieldName="generic.tooltips.dashboard.rank.points"
        >
          <div
            className="rankRowPoints"
          >
            <NumberFormat
              allowEmptyFormatting={false}
              allowNegative={true}
              decimalSeparator="."
              displayType="text"
              fixedDecimalScale={false}
              getInputRef={[Function]}
              isAllowed={[Function]}
              isNumericString={false}
              onBlur={[Function]}
              onChange={[Function]}
              onFocus={[Function]}
              onKeyDown={[Function]}
              onMouseUp={[Function]}
              onValueChange={[Function]}
              prefix=""
              suffix=""
              thousandSeparator=","
              thousandsGroupStyle="thousand"
              type="text"
              value={6500000}
            />
            <Translate
              tag="span"
              value="generic.dashboard.points"
            />
          </div>
        </Connect(Tooltip)>
      </div>
      <div
        className="rankRow "
        key="r7"
      >
        <div
          className="rankIdentifier"
        >
          <div
            className="rankRowIcon r7"
          />
          <div
            className="rankRowName"
          >
            <Translate
              tag="span"
              value="generic.dashboard.hidden"
            />
          </div>
        </div>
        <Connect(Tooltip)
          fieldName="generic.tooltips.dashboard.rank.points"
        >
          <div
            className="rankRowPoints"
          >
            <NumberFormat
              allowEmptyFormatting={false}
              allowNegative={true}
              decimalSeparator="."
              displayType="text"
              fixedDecimalScale={false}
              getInputRef={[Function]}
              isAllowed={[Function]}
              isNumericString={false}
              onBlur={[Function]}
              onChange={[Function]}
              onFocus={[Function]}
              onKeyDown={[Function]}
              onMouseUp={[Function]}
              onValueChange={[Function]}
              prefix=""
              suffix=""
              thousandSeparator=","
              thousandsGroupStyle="thousand"
              type="text"
              value={5550000}
            />
            <Translate
              tag="span"
              value="generic.dashboard.points"
            />
          </div>
        </Connect(Tooltip)>
      </div>
      <div
        className="rankRow "
        key="r8"
      >
        <div
          className="rankIdentifier"
        >
          <div
            className="rankRowIcon r8"
          />
          <div
            className="rankRowName"
          >
            <Translate
              tag="span"
              value="generic.dashboard.hidden"
            />
          </div>
        </div>
        <Connect(Tooltip)
          fieldName="generic.tooltips.dashboard.rank.points"
        >
          <div
            className="rankRowPoints"
          >
            <NumberFormat
              allowEmptyFormatting={false}
              allowNegative={true}
              decimalSeparator="."
              displayType="text"
              fixedDecimalScale={false}
              getInputRef={[Function]}
              isAllowed={[Function]}
              isNumericString={false}
              onBlur={[Function]}
              onChange={[Function]}
              onFocus={[Function]}
              onKeyDown={[Function]}
              onMouseUp={[Function]}
              onValueChange={[Function]}
              prefix=""
              suffix=""
              thousandSeparator=","
              thousandsGroupStyle="thousand"
              type="text"
              value={4750000}
            />
            <Translate
              tag="span"
              value="generic.dashboard.points"
            />
          </div>
        </Connect(Tooltip)>
      </div>
      <div
        className="rankRow "
        key="r9"
      >
        <div
          className="rankIdentifier"
        >
          <div
            className="rankRowIcon r9"
          />
          <div
            className="rankRowName"
          >
            <Translate
              tag="span"
              value="generic.dashboard.hidden"
            />
          </div>
        </div>
        <Connect(Tooltip)
          fieldName="generic.tooltips.dashboard.rank.points"
        >
          <div
            className="rankRowPoints"
          >
            <NumberFormat
              allowEmptyFormatting={false}
              allowNegative={true}
              decimalSeparator="."
              displayType="text"
              fixedDecimalScale={false}
              getInputRef={[Function]}
              isAllowed={[Function]}
              isNumericString={false}
              onBlur={[Function]}
              onChange={[Function]}
              onFocus={[Function]}
              onKeyDown={[Function]}
              onMouseUp={[Function]}
              onValueChange={[Function]}
              prefix=""
              suffix=""
              thousandSeparator=","
              thousandsGroupStyle="thousand"
              type="text"
              value={4000000}
            />
            <Translate
              tag="span"
              value="generic.dashboard.points"
            />
          </div>
        </Connect(Tooltip)>
      </div>
      <div
        className="rankRow "
        key="r10"
      >
        <div
          className="rankIdentifier"
        >
          <div
            className="rankRowIcon r10"
          />
          <div
            className="rankRowName"
          >
            <Translate
              tag="span"
              value="generic.dashboard.hidden"
            />
          </div>
        </div>
        <Connect(Tooltip)
          fieldName="generic.tooltips.dashboard.rank.points"
        >
          <div
            className="rankRowPoints"
          >
            <NumberFormat
              allowEmptyFormatting={false}
              allowNegative={true}
              decimalSeparator="."
              displayType="text"
              fixedDecimalScale={false}
              getInputRef={[Function]}
              isAllowed={[Function]}
              isNumericString={false}
              onBlur={[Function]}
              onChange={[Function]}
              onFocus={[Function]}
              onKeyDown={[Function]}
              onMouseUp={[Function]}
              onValueChange={[Function]}
              prefix=""
              suffix=""
              thousandSeparator=","
              thousandsGroupStyle="thousand"
              type="text"
              value={3500000}
            />
            <Translate
              tag="span"
              value="generic.dashboard.points"
            />
          </div>
        </Connect(Tooltip)>
      </div>
      <div
        className="rankRow "
        key="r11"
      >
        <div
          className="rankIdentifier"
        >
          <div
            className="rankRowIcon r11"
          />
          <div
            className="rankRowName"
          >
            <Translate
              tag="span"
              value="generic.dashboard.hidden"
            />
          </div>
        </div>
        <Connect(Tooltip)
          fieldName="generic.tooltips.dashboard.rank.points"
        >
          <div
            className="rankRowPoints"
          >
            <NumberFormat
              allowEmptyFormatting={false}
              allowNegative={true}
              decimalSeparator="."
              displayType="text"
              fixedDecimalScale={false}
              getInputRef={[Function]}
              isAllowed={[Function]}
              isNumericString={false}
              onBlur={[Function]}
              onChange={[Function]}
              onFocus={[Function]}
              onKeyDown={[Function]}
              onMouseUp={[Function]}
              onValueChange={[Function]}
              prefix=""
              suffix=""
              thousandSeparator=","
              thousandsGroupStyle="thousand"
              type="text"
              value={2750000}
            />
            <Translate
              tag="span"
              value="generic.dashboard.points"
            />
          </div>
        </Connect(Tooltip)>
      </div>
      <div
        className="rankRow "
        key="r12"
      >
        <div
          className="rankIdentifier"
        >
          <div
            className="rankRowIcon r12"
          />
          <div
            className="rankRowName"
          >
            <Translate
              tag="span"
              value="generic.dashboard.hidden"
            />
          </div>
        </div>
        <Connect(Tooltip)
          fieldName="generic.tooltips.dashboard.rank.points"
        >
          <div
            className="rankRowPoints"
          >
            <NumberFormat
              allowEmptyFormatting={false}
              allowNegative={true}
              decimalSeparator="."
              displayType="text"
              fixedDecimalScale={false}
              getInputRef={[Function]}
              isAllowed={[Function]}
              isNumericString={false}
              onBlur={[Function]}
              onChange={[Function]}
              onFocus={[Function]}
              onKeyDown={[Function]}
              onMouseUp={[Function]}
              onValueChange={[Function]}
              prefix=""
              suffix=""
              thousandSeparator=","
              thousandsGroupStyle="thousand"
              type="text"
              value={2250000}
            />
            <Translate
              tag="span"
              value="generic.dashboard.points"
            />
          </div>
        </Connect(Tooltip)>
      </div>
      <div
        className="rankRow "
        key="r13"
      >
        <div
          className="rankIdentifier"
        >
          <div
            className="rankRowIcon r13"
          />
          <div
            className="rankRowName"
          >
            <Translate
              tag="span"
              value="generic.dashboard.hidden"
            />
          </div>
        </div>
        <Connect(Tooltip)
          fieldName="generic.tooltips.dashboard.rank.points"
        >
          <div
            className="rankRowPoints"
          >
            <NumberFormat
              allowEmptyFormatting={false}
              allowNegative={true}
              decimalSeparator="."
              displayType="text"
              fixedDecimalScale={false}
              getInputRef={[Function]}
              isAllowed={[Function]}
              isNumericString={false}
              onBlur={[Function]}
              onChange={[Function]}
              onFocus={[Function]}
              onKeyDown={[Function]}
              onMouseUp={[Function]}
              onValueChange={[Function]}
              prefix=""
              suffix=""
              thousandSeparator=","
              thousandsGroupStyle="thousand"
              type="text"
              value={1750000}
            />
            <Translate
              tag="span"
              value="generic.dashboard.points"
            />
          </div>
        </Connect(Tooltip)>
      </div>
      <div
        className="rankRow "
        key="r14"
      >
        <div
          className="rankIdentifier"
        >
          <div
            className="rankRowIcon r14"
          />
          <div
            className="rankRowName"
          >
            <Translate
              tag="span"
              value="generic.dashboard.hidden"
            />
          </div>
        </div>
        <Connect(Tooltip)
          fieldName="generic.tooltips.dashboard.rank.points"
        >
          <div
            className="rankRowPoints"
          >
            <NumberFormat
              allowEmptyFormatting={false}
              allowNegative={true}
              decimalSeparator="."
              displayType="text"
              fixedDecimalScale={false}
              getInputRef={[Function]}
              isAllowed={[Function]}
              isNumericString={false}
              onBlur={[Function]}
              onChange={[Function]}
              onFocus={[Function]}
              onKeyDown={[Function]}
              onMouseUp={[Function]}
              onValueChange={[Function]}
              prefix=""
              suffix=""
              thousandSeparator=","
              thousandsGroupStyle="thousand"
              type="text"
              value={1250000}
            />
            <Translate
              tag="span"
              value="generic.dashboard.points"
            />
          </div>
        </Connect(Tooltip)>
      </div>
      <div
        className="rankRow "
        key="r15"
      >
        <div
          className="rankIdentifier"
        >
          <div
            className="rankRowIcon r15"
          />
          <div
            className="rankRowName"
          >
            <Translate
              tag="span"
              value="generic.dashboard.hidden"
            />
          </div>
        </div>
        <Connect(Tooltip)
          fieldName="generic.tooltips.dashboard.rank.points"
        >
          <div
            className="rankRowPoints"
          >
            <NumberFormat
              allowEmptyFormatting={false}
              allowNegative={true}
              decimalSeparator="."
              displayType="text"
              fixedDecimalScale={false}
              getInputRef={[Function]}
              isAllowed={[Function]}
              isNumericString={false}
              onBlur={[Function]}
              onChange={[Function]}
              onFocus={[Function]}
              onKeyDown={[Function]}
              onMouseUp={[Function]}
              onValueChange={[Function]}
              prefix=""
              suffix=""
              thousandSeparator=","
              thousandsGroupStyle="thousand"
              type="text"
              value={850000}
            />
            <Translate
              tag="span"
              value="generic.dashboard.points"
            />
          </div>
        </Connect(Tooltip)>
      </div>
      <div
        className="rankRow "
        key="r16"
      >
        <div
          className="rankIdentifier"
        >
          <div
            className="rankRowIcon r16"
          />
          <div
            className="rankRowName"
          >
            <Translate
              tag="span"
              value="generic.dashboard.hidden"
            />
          </div>
        </div>
        <Connect(Tooltip)
          fieldName="generic.tooltips.dashboard.rank.points"
        >
          <div
            className="rankRowPoints"
          >
            <NumberFormat
              allowEmptyFormatting={false}
              allowNegative={true}
              decimalSeparator="."
              displayType="text"
              fixedDecimalScale={false}
              getInputRef={[Function]}
              isAllowed={[Function]}
              isNumericString={false}
              onBlur={[Function]}
              onChange={[Function]}
              onFocus={[Function]}
              onKeyDown={[Function]}
              onMouseUp={[Function]}
              onValueChange={[Function]}
              prefix=""
              suffix=""
              thousandSeparator=","
              thousandsGroupStyle="thousand"
              type="text"
              value={500000}
            />
            <Translate
              tag="span"
              value="generic.dashboard.points"
            />
          </div>
        </Connect(Tooltip)>
      </div>
      <div
        className="rankRow "
        key="r17"
      >
        <div
          className="rankIdentifier"
        >
          <div
            className="rankRowIcon r17"
          />
          <div
            className="rankRowName"
          >
            <Translate
              tag="span"
              value="generic.dashboard.hidden"
            />
          </div>
        </div>
        <Connect(Tooltip)
          fieldName="generic.tooltips.dashboard.rank.points"
        >
          <div
            className="rankRowPoints"
          >
            <NumberFormat
              allowEmptyFormatting={false}
              allowNegative={true}
              decimalSeparator="."
              displayType="text"
              fixedDecimalScale={false}
              getInputRef={[Function]}
              isAllowed={[Function]}
              isNumericString={false}
              onBlur={[Function]}
              onChange={[Function]}
              onFocus={[Function]}
              onKeyDown={[Function]}
              onMouseUp={[Function]}
              onValueChange={[Function]}
              prefix=""
              suffix=""
              thousandSeparator=","
              thousandsGroupStyle="thousand"
              type="text"
              value={350000}
            />
            <Translate
              tag="span"
              value="generic.dashboard.points"
            />
          </div>
        </Connect(Tooltip)>
      </div>
      <div
        className="rankRow "
        key="r18"
      >
        <div
          className="rankIdentifier"
        >
          <div
            className="rankRowIcon r18"
          />
          <div
            className="rankRowName"
          >
            <Translate
              tag="span"
              value="generic.dashboard.hidden"
            />
          </div>
        </div>
        <Connect(Tooltip)
          fieldName="generic.tooltips.dashboard.rank.points"
        >
          <div
            className="rankRowPoints"
          >
            <NumberFormat
              allowEmptyFormatting={false}
              allowNegative={true}
              decimalSeparator="."
              displayType="text"
              fixedDecimalScale={false}
              getInputRef={[Function]}
              isAllowed={[Function]}
              isNumericString={false}
              onBlur={[Function]}
              onChange={[Function]}
              onFocus={[Function]}
              onKeyDown={[Function]}
              onMouseUp={[Function]}
              onValueChange={[Function]}
              prefix=""
              suffix=""
              thousandSeparator=","
              thousandsGroupStyle="thousand"
              type="text"
              value={200000}
            />
            <Translate
              tag="span"
              value="generic.dashboard.points"
            />
          </div>
        </Connect(Tooltip)>
      </div>
      <div
        className="rankRow "
        key="r19"
      >
        <div
          className="rankIdentifier"
        >
          <div
            className="rankRowIcon r19"
          />
          <div
            className="rankRowName"
          >
            <Translate
              tag="span"
              value="generic.dashboard.hidden"
            />
          </div>
        </div>
        <Connect(Tooltip)
          fieldName="generic.tooltips.dashboard.rank.points"
        >
          <div
            className="rankRowPoints"
          >
            <NumberFormat
              allowEmptyFormatting={false}
              allowNegative={true}
              decimalSeparator="."
              displayType="text"
              fixedDecimalScale={false}
              getInputRef={[Function]}
              isAllowed={[Function]}
              isNumericString={false}
              onBlur={[Function]}
              onChange={[Function]}
              onFocus={[Function]}
              onKeyDown={[Function]}
              onMouseUp={[Function]}
              onValueChange={[Function]}
              prefix=""
              suffix=""
              thousandSeparator=","
              thousandsGroupStyle="thousand"
              type="text"
              value={100000}
            />
            <Translate
              tag="span"
              value="generic.dashboard.points"
            />
          </div>
        </Connect(Tooltip)>
      </div>
      <div
        className="rankRow  current"
        key="r20"
      >
        <div
          className="rankIdentifier"
        >
          <div
            className="rankRowIcon r20"
          />
          <Connect(Tooltip)
            fieldName="generic.tooltips.dashboard.rank.title"
          >
            <div
              className="rankRowName"
            >
              <Translate
                tag="span"
                value="generic.ranks.r20"
              />
            </div>
          </Connect(Tooltip)>
        </div>
        <Connect(Tooltip)
          fieldName="generic.tooltips.dashboard.rank.progress"
        >
          <div
            className="progress"
          >
            <ProgressBar
              colour="dark"
              percent={0}
            />
          </div>
        </Connect(Tooltip)>
        <Connect(Tooltip)
          fieldName="generic.tooltips.dashboard.rank.points"
        >
          <div
            className="rankRowPoints"
          >
            <NumberFormat
              allowEmptyFormatting={false}
              allowNegative={true}
              decimalSeparator="."
              displayType="text"
              fixedDecimalScale={false}
              getInputRef={[Function]}
              isAllowed={[Function]}
              isNumericString={false}
              onBlur={[Function]}
              onChange={[Function]}
              onFocus={[Function]}
              onKeyDown={[Function]}
              onMouseUp={[Function]}
              onValueChange={[Function]}
              prefix=""
              suffix=""
              thousandSeparator=","
              thousandsGroupStyle="thousand"
              type="text"
              value={0}
            />
            <Translate
              tag="span"
              value="generic.dashboard.points"
            />
          </div>
        </Connect(Tooltip)>
      </div>
    </div>
  </Scrollbar>
</div>
`;
